../Drivers/CMSIS/Include/core_cm3.h:1762:34:__NVIC_SystemReset	4	static,ignoring_inline_asm
../Core/Src/common_simcom.c:59:6:send_to_simcom_a76xx	16	static
../Core/Src/common_simcom.c:64:6:restart_stm32	8	static
../Core/Src/common_simcom.c:73:6:enable_simcom	8	static
../Core/Src/common_simcom.c:94:6:wait_for_pb_done_event	16	static
../Core/Src/common_simcom.c:170:5:read_signal_quality	24	static
../Core/Src/common_simcom.c:194:6:check_signal_simcom	8	static
../Core/Src/common_simcom.c:224:6:enable_mqtt_on_gsm_modem	8	static
../Core/Src/common_simcom.c:272:6:acquire_gsm_mqtt_client	8	static
../Core/Src/common_simcom.c:302:6:connect_mqtt_server_by_gsm	16	static
../Core/Src/common_simcom.c:330:6:subscribe_mqtt_via_gsm	8	static
../Core/Src/common_simcom.c:381:6:create_JSON	16	static
../Core/Src/common_simcom.c:407:6:publish_mqtt_via_gsm	16	static
../Core/Src/common_simcom.c:487:6:stop_mqtt_via_gsm	8	static
../Core/Src/common_simcom.c:540:6:send_payload_signal_to_server	16	static
../Core/Src/common_simcom.c:553:6:check_handle_state	16	static
