../Drivers/CMSIS/Include/core_cm3.h:1876:26:ITM_SendChar	4
../Core/Src/main.c:41:5:_write	2
../Core/Src/main.c:90:6:HAL_ADC_ConvCpltCallback	1
../Core/Src/main.c:95:6:HAL_TIM_PeriodElapsedCallback	4
../Core/Src/main.c:113:5:main	1
../Core/Src/main.c:167:6:SystemClock_Config	4
../Core/Src/main.c:206:13:MX_ADC1_Init	3
../Core/Src/main.c:249:13:MX_IWDG_Init	2
../Core/Src/main.c:274:13:MX_TIM6_Init	3
../Core/Src/main.c:308:13:MX_UART4_Init	2
../Core/Src/main.c:338:13:MX_USART1_UART_Init	2
../Core/Src/main.c:368:13:MX_USART2_UART_Init	2
../Core/Src/main.c:396:13:MX_DMA_Init	1
../Core/Src/main.c:412:13:MX_GPIO_Init	1
../Core/Src/main.c:455:6:Error_Handler	1
